#./src/main/resources/Entities.map
#Sat Mar 16 13:39:00 CET 2019
periodRecord2=2217
periodRecord1=2213
socialProfileMember2=2159
brotherhood2=2199
socialProfileMember1=2158
trashBoxBrotherhood2=2233
brotherhood1=2198
trashBoxBrotherhood1=2228
inBoxAdministrator2=2166
inBoxAdministrator1=2161
spamBoxMember3=2184
spamBoxMember2=2179
spamBoxMember1=2174
segment4=2221
segment3=2220
spamBoxBrotherhood2=2235
segment2=2219
spamBoxBrotherhood1=2230
segment1=2218
history2=2214
history1=2210
spamBoxAdministrator2=2169
spamBoxAdministrator1=2164
float5=2257
float4=2256
float3=2255
float2=2254
float1=2253
administrator2=2157
userAccountChapter2=2145
administrator1=2156
userAccountChapter1=2144
member3=2155
parade9=2247
legalRecord2=2209
member2=2154
parade8=2246
legalRecord1=2208
member1=2153
parade7=2245
parade6=2244
parade5=2243
parade4=2242
notificationBoxBrotherhood2=2234
parade3=2241
notificationBoxBrotherhood1=2229
parade2=2240
parade1=2239
inBoxBrotherhood2=2232
inBoxBrotherhood1=2227
position7=2197
position6=2196
position5=2195
position4=2194
position3=2193
position2=2192
position1=2191
userAccountSuper=2146
area4=2190
userAccountAdmin2=2138
area3=2189
userAccountAdmin1=2137
area2=2188
configurationParameters=2203
area1=2187
userAccountSponsor3=2149
inBoxMember3=2181
userAccountSponsor2=2148
notificationBoxMember3=2183
inBoxMember2=2176
userAccountSponsor1=2147
notificationBoxMember2=2178
inBoxMember1=2171
notificationBoxMember1=2173
outBoxBrotherhood2=2231
outBoxBrotherhood1=2226
parade12=2250
parade11=2249
parade10=2248
enrolment3=2202
enrolment2=2201
inceptionRecord2=2215
enrolment1=2200
inceptionRecord1=2211
request2=2252
request1=2251
notificationBoxAdministrator2=2168
trashBoxMember3=2182
notificationBoxAdministrator1=2163
trashBoxMember2=2177
message5=2238
trashBoxMember1=2172
outBoxMember3=2180
message4=2237
outBoxMember2=2175
outBoxMember1=2170
message3=2186
message2=2236
chapter2=2223
chapter1=2222
message1=2185
trashBoxAdministrator2=2167
trashBoxAdministrator1=2162
sponsorship4=2261
sponsorship3=2260
sponsorship2=2259
sponsorship1=2258
userAccountMember3=2141
userAccountMember2=2140
miscellaneousRecord4=2207
userAccountMember1=2139
miscellaneousRecord3=2206
userAccountBrotherhood2=2143
miscellaneousRecord2=2205
userAccountBrotherhood1=2142
linkRecord2=2216
miscellaneousRecord1=2204
linkRecord1=2212
socialProfileBrotherhood2=2225
sponsor3=2152
socialProfileBrotherhood1=2224
sponsor2=2151
sponsor1=2150
outBoxAdministrator2=2165
outBoxAdministrator1=2160
