#./src/main/resources/Entities.map
#Thu Mar 28 21:57:31 CET 2019
inBoxMember1=3725
message5=3820
message4=3819
message3=3755
message2=3818
message1=3754
trashBoxAdministrator2=3721
trashBoxAdministrator1=3716
outBoxMember3=3734
outBoxMember2=3729
outBoxMember1=3724
sponsorship5=3846
sponsorship4=3845
sponsorship3=3844
sponsorship2=3843
sponsorship1=3842
trashBoxMember3=3736
enrolment3=3778
trashBoxMember2=3731
enrolment2=3777
legalRecord2=3771
trashBoxMember1=3726
enrolment1=3776
legalRecord1=3782
notificationBoxSponsor3=3752
inBoxAdministrator2=3720
notificationBoxSponsor2=3747
inBoxAdministrator1=3715
notificationBoxSponsor1=3742
userAccountSponsor3=3697
parade9=3829
userAccountSponsor2=3696
parade8=3828
userAccountSponsor1=3695
parade7=3827
outBoxAdministrator2=3719
parade6=3826
outBoxAdministrator1=3714
parade5=3825
parade4=3824
parade3=3823
parade2=3822
parade1=3821
notificationBoxBrotherhood2=3806
notificationBoxBrotherhood1=3801
userAccountBrotherhood2=3690
userAccountBrotherhood1=3689
outBoxChapter2=3814
outBoxChapter1=3809
inBoxBrotherhood2=3804
trashBoxSystem=3711
inBoxBrotherhood1=3799
spamBoxAdministrator2=3723
spamBoxAdministrator1=3718
outBoxBrotherhood2=3803
outBoxBrotherhood1=3798
chapter2=3792
chapter1=3791
member3=3704
member2=3703
spamBoxMember3=3738
member1=3702
spamBoxMember2=3733
trashBoxSponsor3=3751
spamBoxMember1=3728
trashBoxSponsor2=3746
trashBoxSponsor1=3741
userAccountSuper=3694
inceptionRecord2=3770
inceptionRecord1=3784
inBoxChapter2=3813
inBoxChapter1=3808
socialProfileMember2=3708
socialProfileMember1=3707
spamBoxChapter2=3816
outBoxSystem=3709
spamBoxChapter1=3811
segment4=3790
segment3=3789
segment2=3788
segment1=3787
notificationBoxMember3=3737
notificationBoxMember2=3732
notificationBoxMember1=3727
spamBoxSystem=3713
notificationBoxSystem=3712
trashBoxBrotherhood2=3805
trashBoxBrotherhood1=3800
notificationBoxChapter2=3817
finder1=3691
notificationBoxChapter1=3812
socialProfileBrotherhood2=3797
socialProfileBrotherhood1=3796
sponsor3=3701
sponsor2=3700
sponsor1=3699
userAccountChapter2=3693
userAccountChapter1=3692
parade13=3833
parade12=3832
parade11=3831
parade10=3830
outBoxSponsor3=3749
outBoxSponsor2=3744
outBoxSponsor1=3739
periodRecord2=3775
periodRecord1=3786
trashBoxChapter2=3815
trashBoxChapter1=3810
userAccountAdmin2=3684
userAccountAdmin1=3683
userAccountSystem=3685
inBoxSponsor3=3750
position7=3766
linkRecord2=3772
inBoxSponsor2=3745
position6=3765
linkRecord1=3785
inBoxSponsor1=3740
position5=3764
position4=3763
position3=3762
position2=3761
miscellaneousRecord4=3774
position1=3760
miscellaneousRecord3=3773
miscellaneousRecord2=3781
miscellaneousRecord1=3780
userAccountMember3=3688
userAccountMember2=3687
userAccountMember1=3686
brotherhood2=3768
brotherhood1=3767
inBoxSystem=3710
history2=3769
system=3698
history1=3783
spamBoxSponsor3=3753
spamBoxSponsor2=3748
spamBoxSponsor1=3743
administrator2=3706
administrator1=3705
area4=3759
area3=3758
proclaim3=3795
area2=3757
proclaim2=3794
area1=3756
proclaim1=3793
notificationBoxAdministrator2=3722
spamBoxBrotherhood2=3807
notificationBoxAdministrator1=3717
spamBoxBrotherhood1=3802
float5=3841
float4=3840
float3=3839
float2=3838
float1=3837
configurationParameters=3779
request3=3836
request2=3835
request1=3834
inBoxMember3=3735
inBoxMember2=3730
