#./src/main/resources/Entities.map
#Tue Mar 26 20:38:32 CET 2019
trashBoxChapter2=2823
trashBoxChapter1=2819
periodRecord2=2794
periodRecord1=2805
socialProfileMember2=2747
brotherhood2=2787
socialProfileMember1=2746
trashBoxBrotherhood2=2832
brotherhood1=2786
trashBoxBrotherhood1=2827
finder1=2731
inBoxAdministrator2=2754
inBoxAdministrator1=2749
spamBoxMember3=2772
spamBoxMember2=2767
spamBoxMember1=2762
proclaim3=2814
segment4=2809
proclaim2=2813
segment3=2808
spamBoxBrotherhood2=2834
proclaim1=2812
segment2=2807
spamBoxBrotherhood1=2829
segment1=2806
outBoxChapter2=2822
history2=2788
outBoxChapter1=2818
history1=2802
spamBoxAdministrator2=2757
spamBoxAdministrator1=2752
float5=2857
float4=2856
float3=2855
float2=2854
float1=2853
administrator2=2745
userAccountChapter2=2733
administrator1=2744
userAccountChapter1=2732
member3=2743
parade9=2846
legalRecord2=2790
member2=2742
parade8=2845
legalRecord1=2801
member1=2741
parade7=2844
parade6=2843
parade5=2842
parade4=2841
notificationBoxBrotherhood2=2833
parade3=2840
notificationBoxBrotherhood1=2828
parade2=2839
parade1=2838
inBoxBrotherhood2=2831
inBoxBrotherhood1=2826
position7=2785
position6=2784
position5=2783
position4=2782
position3=2781
position2=2780
position1=2779
userAccountSuper=2734
area4=2778
userAccountAdmin2=2725
area3=2777
userAccountAdmin1=2724
area2=2776
configurationParameters=2798
area1=2775
userAccountSponsor3=2737
inBoxMember3=2769
userAccountSponsor2=2736
notificationBoxMember3=2771
inBoxMember2=2764
userAccountSponsor1=2735
notificationBoxMember2=2766
inBoxMember1=2759
notificationBoxMember1=2761
inBoxChapter2=2821
inBoxChapter1=2817
outBoxBrotherhood2=2830
outBoxBrotherhood1=2825
parade13=2850
parade12=2849
parade11=2848
parade10=2847
enrolment3=2797
enrolment2=2796
inceptionRecord2=2789
enrolment1=2795
inceptionRecord1=2803
request2=2852
request1=2851
notificationBoxAdministrator2=2756
trashBoxMember3=2770
notificationBoxAdministrator1=2751
trashBoxMember2=2765
message5=2837
trashBoxMember1=2760
outBoxMember3=2768
message4=2836
outBoxMember2=2763
outBoxMember1=2758
message3=2774
message2=2835
chapter2=2811
chapter1=2810
message1=2773
trashBoxAdministrator2=2755
trashBoxAdministrator1=2750
sponsorship5=2862
sponsorship4=2861
sponsorship3=2860
sponsorship2=2859
sponsorship1=2858
userAccountMember3=2728
miscellaneousRecord4=2793
userAccountMember2=2727
userAccountMember1=2726
miscellaneousRecord3=2792
userAccountBrotherhood2=2730
miscellaneousRecord2=2800
userAccountBrotherhood1=2729
linkRecord2=2791
miscellaneousRecord1=2799
linkRecord1=2804
socialProfileBrotherhood2=2816
sponsor3=2740
socialProfileBrotherhood1=2815
sponsor2=2739
spamBoxChapter2=2824
sponsor1=2738
spamBoxChapter1=2820
outBoxAdministrator2=2753
outBoxAdministrator1=2748
